  Determining projects to restore...
  All projects are up-to-date for restore.
  DeXShareTarget -> W:\CodeDeX\DeX\DeXShareTarget\bin\Debug\net10.0-windows10.0.22000.0\DeXShareTarget.dll
W:\CodeDeX\DeX\DeXShareTarget.Tests\DiscoveryBackgroundServiceTests.cs(24,56): warning CS8625: Cannot convert null literal to non-nullable reference type. [W:\CodeDeX\DeX\DeXShareTarget.Tests\DeXShareTarget.Tests.csproj]
W:\CodeDeX\DeX\DeXShareTarget.Tests\LocalSendEndpointsTests.cs(46,62): warning CS8604: Possible null reference argument for parameter 'uriString' in 'Uri.Uri(string uriString)'. [W:\CodeDeX\DeX\DeXShareTarget.Tests\DeXShareTarget.Tests.csproj]
W:\CodeDeX\DeX\DeXShareTarget.Tests\GoogleOAuthTests.cs(38,87): warning CS8600: Converting null literal or possible null value to non-nullable type. [W:\CodeDeX\DeX\DeXShareTarget.Tests\DeXShareTarget.Tests.csproj]
W:\CodeDeX\DeX\DeXShareTarget.Tests\GoogleOAuthTests.cs(51,70): warning CS8625: Cannot convert null literal to non-nullable reference type. [W:\CodeDeX\DeX\DeXShareTarget.Tests\DeXShareTarget.Tests.csproj]
W:\CodeDeX\DeX\DeXShareTarget.Tests\GoogleOAuthTests.cs(51,80): warning CS8600: Converting null literal or possible null value to non-nullable type. [W:\CodeDeX\DeX\DeXShareTarget.Tests\DeXShareTarget.Tests.csproj]
W:\CodeDeX\DeX\DeXShareTarget.Tests\ExtraIdentityTests.cs(34,42): error CS0117: 'IdentityManager' does not contain a definition for 'Alias' [W:\CodeDeX\DeX\DeXShareTarget.Tests\DeXShareTarget.Tests.csproj]
W:\CodeDeX\DeX\DeXShareTarget.Tests\ExtraIdentityTests.cs(37,42): error CS0117: 'IdentityManager' does not contain a definition for 'Alias' [W:\CodeDeX\DeX\DeXShareTarget.Tests\DeXShareTarget.Tests.csproj]
W:\CodeDeX\DeX\DeXShareTarget.Tests\ExtraIdentityTests.cs(65,46): warning CS8625: Cannot convert null literal to non-nullable reference type. [W:\CodeDeX\DeX\DeXShareTarget.Tests\DeXShareTarget.Tests.csproj]
W:\CodeDeX\DeX\DeXShareTarget.Tests\ExtraIdentityTests.cs(66,72): warning CS8625: Cannot convert null literal to non-nullable reference type. [W:\CodeDeX\DeX\DeXShareTarget.Tests\DeXShareTarget.Tests.csproj]
W:\CodeDeX\DeX\DeXShareTarget.Tests\ExtraIdentityTests.cs(11,24): warning CS8618: Non-nullable field '_testDir' must contain a non-null value when exiting constructor. Consider adding the 'required' modifier or declaring the field as nullable. [W:\CodeDeX\DeX\DeXShareTarget.Tests\DeXShareTarget.Tests.csproj]
W:\CodeDeX\DeX\DeXShareTarget.Tests\GoogleOAuthTests.cs(11,24): warning CS8618: Non-nullable field '_testDir' must contain a non-null value when exiting constructor. Consider adding the 'required' modifier or declaring the field as nullable. [W:\CodeDeX\DeX\DeXShareTarget.Tests\DeXShareTarget.Tests.csproj]
W:\CodeDeX\DeX\DeXShareTarget.Tests\LocalSendEndpointsTests.cs(77,32): warning CS8602: Dereference of a possibly null reference. [W:\CodeDeX\DeX\DeXShareTarget.Tests\DeXShareTarget.Tests.csproj]
W:\CodeDeX\DeX\DeXShareTarget.Tests\IdentityManagerTests.cs(15,24): warning CS8618: Non-nullable field '_testDir' must contain a non-null value when exiting constructor. Consider adding the 'required' modifier or declaring the field as nullable. [W:\CodeDeX\DeX\DeXShareTarget.Tests\DeXShareTarget.Tests.csproj]
W:\CodeDeX\DeX\DeXShareTarget.Tests\LocalSendEndpointsTests.cs(21,32): warning CS8618: Non-nullable field '_app' must contain a non-null value when exiting constructor. Consider adding the 'required' modifier or declaring the field as nullable. [W:\CodeDeX\DeX\DeXShareTarget.Tests\DeXShareTarget.Tests.csproj]
W:\CodeDeX\DeX\DeXShareTarget.Tests\LocalSendEndpointsTests.cs(22,28): warning CS8618: Non-nullable field '_client' must contain a non-null value when exiting constructor. Consider adding the 'required' modifier or declaring the field as nullable. [W:\CodeDeX\DeX\DeXShareTarget.Tests\DeXShareTarget.Tests.csproj]
W:\CodeDeX\DeX\DeXShareTarget.Tests\LocalSendEndpointsTests.cs(23,24): warning CS8618: Non-nullable field '_testDir' must contain a non-null value when exiting constructor. Consider adding the 'required' modifier or declaring the field as nullable. [W:\CodeDeX\DeX\DeXShareTarget.Tests\DeXShareTarget.Tests.csproj]
W:\CodeDeX\DeX\DeXShareTarget.Tests\QuicP2PTests.cs(17,24): warning CS8618: Non-nullable field '_testDir' must contain a non-null value when exiting constructor. Consider adding the 'required' modifier or declaring the field as nullable. [W:\CodeDeX\DeX\DeXShareTarget.Tests\DeXShareTarget.Tests.csproj]
W:\CodeDeX\DeX\DeXShareTarget.Tests\QuicP2PTests.cs(18,24): warning CS8618: Non-nullable field '_downloadDir' must contain a non-null value when exiting constructor. Consider adding the 'required' modifier or declaring the field as nullable. [W:\CodeDeX\DeX\DeXShareTarget.Tests\DeXShareTarget.Tests.csproj]
W:\CodeDeX\DeX\DeXShareTarget.Tests\QuicP2PTests.cs(19,24): warning CS8618: Non-nullable field '_sourceFile1' must contain a non-null value when exiting constructor. Consider adding the 'required' modifier or declaring the field as nullable. [W:\CodeDeX\DeX\DeXShareTarget.Tests\DeXShareTarget.Tests.csproj]
W:\CodeDeX\DeX\DeXShareTarget.Tests\QuicP2PTests.cs(20,24): warning CS8618: Non-nullable field '_sourceFile2' must contain a non-null value when exiting constructor. Consider adding the 'required' modifier or declaring the field as nullable. [W:\CodeDeX\DeX\DeXShareTarget.Tests\DeXShareTarget.Tests.csproj]
W:\CodeDeX\DeX\DeXShareTarget.Tests\DiscoveryBackgroundServiceTests.cs(29,13): warning MSTEST0037: Use 'Assert.IsEmpty' instead of 'Assert.AreEqual' (https://learn.microsoft.com/dotnet/core/testing/mstest-analyzers/mstest0037) [W:\CodeDeX\DeX\DeXShareTarget.Tests\DeXShareTarget.Tests.csproj]
W:\CodeDeX\DeX\DeXShareTarget.Tests\DiscoveryBackgroundServiceTests.cs(70,13): warning MSTEST0037: Use 'Assert.HasCount' instead of 'Assert.AreEqual' (https://learn.microsoft.com/dotnet/core/testing/mstest-analyzers/mstest0037) [W:\CodeDeX\DeX\DeXShareTarget.Tests\DeXShareTarget.Tests.csproj]
W:\CodeDeX\DeX\DeXShareTarget.Tests\ExtraIdentityTests.cs(58,13): warning MSTEST0037: Use 'Assert.IsEmpty' instead of 'Assert.AreEqual' (https://learn.microsoft.com/dotnet/core/testing/mstest-analyzers/mstest0037) [W:\CodeDeX\DeX\DeXShareTarget.Tests\DeXShareTarget.Tests.csproj]
W:\CodeDeX\DeX\DeXShareTarget.Tests\LocalSendEndpointsTests.cs(77,13): warning MSTEST0037: Use 'Assert.IsEmpty' instead of 'Assert.AreEqual' (https://learn.microsoft.com/dotnet/core/testing/mstest-analyzers/mstest0037) [W:\CodeDeX\DeX\DeXShareTarget.Tests\DeXShareTarget.Tests.csproj]
W:\CodeDeX\DeX\DeXShareTarget.Tests\LocalSendEndpointsTests.cs(110,13): warning MSTEST0037: Use 'Assert.IsEmpty' instead of 'Assert.AreEqual' (https://learn.microsoft.com/dotnet/core/testing/mstest-analyzers/mstest0037) [W:\CodeDeX\DeX\DeXShareTarget.Tests\DeXShareTarget.Tests.csproj]
W:\CodeDeX\DeX\DeXShareTarget.Tests\DiscoveryBackgroundServiceTests.cs(90,13): warning MSTEST0037: Use 'Assert.HasCount' instead of 'Assert.AreEqual' (https://learn.microsoft.com/dotnet/core/testing/mstest-analyzers/mstest0037) [W:\CodeDeX\DeX\DeXShareTarget.Tests\DeXShareTarget.Tests.csproj]
W:\CodeDeX\DeX\DeXShareTarget.Tests\LocalSendEndpointsTests.cs(136,13): warning MSTEST0037: Use 'Assert.Contains' instead of 'Assert.IsTrue' (https://learn.microsoft.com/dotnet/core/testing/mstest-analyzers/mstest0037) [W:\CodeDeX\DeX\DeXShareTarget.Tests\DeXShareTarget.Tests.csproj]
W:\CodeDeX\DeX\DeXShareTarget.Tests\LocalSendEndpointsTests.cs(94,13): warning MSTEST0037: Use 'Assert.Contains' instead of 'Assert.IsTrue' (https://learn.microsoft.com/dotnet/core/testing/mstest-analyzers/mstest0037) [W:\CodeDeX\DeX\DeXShareTarget.Tests\DeXShareTarget.Tests.csproj]
W:\CodeDeX\DeX\DeXShareTarget.Tests\LocalSendEndpointsTests.cs(95,13): warning MSTEST0037: Use 'Assert.Contains' instead of 'Assert.IsTrue' (https://learn.microsoft.com/dotnet/core/testing/mstest-analyzers/mstest0037) [W:\CodeDeX\DeX\DeXShareTarget.Tests\DeXShareTarget.Tests.csproj]
W:\CodeDeX\DeX\DeXShareTarget.Tests\IdentityManagerTests.cs(124,13): warning MSTEST0037: Use 'Assert.Contains' instead of 'Assert.IsTrue' (https://learn.microsoft.com/dotnet/core/testing/mstest-analyzers/mstest0037) [W:\CodeDeX\DeX\DeXShareTarget.Tests\DeXShareTarget.Tests.csproj]
W:\CodeDeX\DeX\DeXShareTarget.Tests\ExtraIdentityTests.cs(66,13): warning MSTEST0037: Use 'Assert.DoesNotContain' instead of 'Assert.IsFalse' (https://learn.microsoft.com/dotnet/core/testing/mstest-analyzers/mstest0037) [W:\CodeDeX\DeX\DeXShareTarget.Tests\DeXShareTarget.Tests.csproj]
W:\CodeDeX\DeX\DeXShareTarget.Tests\IdentityManagerTests.cs(102,13): warning MSTEST0037: Use 'Assert.Contains' instead of 'Assert.IsTrue' (https://learn.microsoft.com/dotnet/core/testing/mstest-analyzers/mstest0037) [W:\CodeDeX\DeX\DeXShareTarget.Tests\DeXShareTarget.Tests.csproj]
W:\CodeDeX\DeX\DeXShareTarget.Tests\IdentityManagerTests.cs(87,13): warning MSTEST0037: Use 'Assert.DoesNotContain' instead of 'Assert.IsFalse' (https://learn.microsoft.com/dotnet/core/testing/mstest-analyzers/mstest0037) [W:\CodeDeX\DeX\DeXShareTarget.Tests\DeXShareTarget.Tests.csproj]
W:\CodeDeX\DeX\DeXShareTarget.Tests\LocalSendEndpointsTests.cs(144,13): warning MSTEST0037: Use 'Assert.Contains' instead of 'Assert.IsTrue' (https://learn.microsoft.com/dotnet/core/testing/mstest-analyzers/mstest0037) [W:\CodeDeX\DeX\DeXShareTarget.Tests\DeXShareTarget.Tests.csproj]
W:\CodeDeX\DeX\DeXShareTarget.Tests\LocalSendEndpointsTests.cs(149,13): warning MSTEST0037: Use 'Assert.DoesNotContain' instead of 'Assert.IsFalse' (https://learn.microsoft.com/dotnet/core/testing/mstest-analyzers/mstest0037) [W:\CodeDeX\DeX\DeXShareTarget.Tests\DeXShareTarget.Tests.csproj]
W:\CodeDeX\DeX\DeXShareTarget.Tests\DiscoveryBackgroundServiceTests.cs(120,13): warning MSTEST0037: Use 'Assert.HasCount' instead of 'Assert.AreEqual' (https://learn.microsoft.com/dotnet/core/testing/mstest-analyzers/mstest0037) [W:\CodeDeX\DeX\DeXShareTarget.Tests\DeXShareTarget.Tests.csproj]
W:\CodeDeX\DeX\DeXShareTarget.Tests\QuicP2PTests.cs(77,13): warning MSTEST0037: Use 'Assert.IsGreaterThan' instead of 'Assert.IsTrue' (https://learn.microsoft.com/dotnet/core/testing/mstest-analyzers/mstest0037) [W:\CodeDeX\DeX\DeXShareTarget.Tests\DeXShareTarget.Tests.csproj]
W:\CodeDeX\DeX\DeXShareTarget.Tests\DiscoveryBackgroundServiceTests.cs(101,13): warning MSTEST0037: Use 'Assert.HasCount' instead of 'Assert.AreEqual' (https://learn.microsoft.com/dotnet/core/testing/mstest-analyzers/mstest0037) [W:\CodeDeX\DeX\DeXShareTarget.Tests\DeXShareTarget.Tests.csproj]
W:\CodeDeX\DeX\DeXShareTarget.Tests\GoogleOAuthTests.cs(42,13): warning MSTEST0037: Use 'Assert.Contains' instead of 'Assert.IsTrue' (https://learn.microsoft.com/dotnet/core/testing/mstest-analyzers/mstest0037) [W:\CodeDeX\DeX\DeXShareTarget.Tests\DeXShareTarget.Tests.csproj]
W:\CodeDeX\DeX\DeXShareTarget.Tests\LocalSendEndpointsTests.cs(170,13): warning MSTEST0037: Use 'Assert.Contains' instead of 'Assert.IsTrue' (https://learn.microsoft.com/dotnet/core/testing/mstest-analyzers/mstest0037) [W:\CodeDeX\DeX\DeXShareTarget.Tests\DeXShareTarget.Tests.csproj]
W:\CodeDeX\DeX\DeXShareTarget.Tests\IdentityManagerTests.cs(189,13): warning MSTEST0037: Use 'Assert.IsGreaterThan' instead of 'Assert.IsTrue' (https://learn.microsoft.com/dotnet/core/testing/mstest-analyzers/mstest0037) [W:\CodeDeX\DeX\DeXShareTarget.Tests\DeXShareTarget.Tests.csproj]
W:\CodeDeX\DeX\DeXShareTarget.Tests\LocalSendEndpointsTests.cs(171,13): warning MSTEST0037: Use 'Assert.Contains' instead of 'Assert.IsTrue' (https://learn.microsoft.com/dotnet/core/testing/mstest-analyzers/mstest0037) [W:\CodeDeX\DeX\DeXShareTarget.Tests\DeXShareTarget.Tests.csproj]
W:\CodeDeX\DeX\DeXShareTarget.Tests\IdentityManagerTests.cs(170,13): warning MSTEST0037: Use 'Assert.DoesNotContain' instead of 'Assert.IsFalse' (https://learn.microsoft.com/dotnet/core/testing/mstest-analyzers/mstest0037) [W:\CodeDeX\DeX\DeXShareTarget.Tests\DeXShareTarget.Tests.csproj]
W:\CodeDeX\DeX\DeXShareTarget.Tests\IdentityManagerTests.cs(176,13): warning MSTEST0037: Use 'Assert.DoesNotContain' instead of 'Assert.IsFalse' (https://learn.microsoft.com/dotnet/core/testing/mstest-analyzers/mstest0037) [W:\CodeDeX\DeX\DeXShareTarget.Tests\DeXShareTarget.Tests.csproj]
W:\CodeDeX\DeX\DeXShareTarget.Tests\QuicP2PTests.cs(132,17): warning MSTEST0037: Use 'Assert.IsGreaterThan' instead of 'Assert.IsTrue' (https://learn.microsoft.com/dotnet/core/testing/mstest-analyzers/mstest0037) [W:\CodeDeX\DeX\DeXShareTarget.Tests\DeXShareTarget.Tests.csproj]
W:\CodeDeX\DeX\DeXShareTarget.Tests\QuicP2PTests.cs(141,13): warning MSTEST0037: Use 'Assert.IsGreaterThan' instead of 'Assert.IsTrue' (https://learn.microsoft.com/dotnet/core/testing/mstest-analyzers/mstest0037) [W:\CodeDeX\DeX\DeXShareTarget.Tests\DeXShareTarget.Tests.csproj]
